INFO 2025-03-26 20:08:20,461 [Thread: 36340] [apps - XrplApiConfig:27] ----------------- App started ----------------- 
INFO 2025-03-26 20:08:20,535 [Thread: 36340] [apps - ready:31] Environment: prodnet
INFO 2025-03-26 20:08:20,535 [Thread: 36340] [apps - ready:63] Using XRP URL: https://s.altnet.rippletest.net:51234/
INFO 2025-03-26 20:08:20,535 [Thread: 36340] [apps - ready:64] Using XRP FAUCET URL: 
INFO 2025-03-26 20:08:20,535 [Thread: 36340] [apps - ready:65] Using XRP WEB SOCKET URL: wss://s.altnet.rippletest.net:51233
INFO 2025-03-26 20:08:20,535 [Thread: 36340] [apps - ready:66] Using XRPL TEST LABS NETWORK URL: None
INFO 2025-03-26 20:08:20,535 [Thread: 36340] [apps - ready:67] Using XRPL TEST LABS WEB SOCKET NETWORK URL: None
INFO 2025-03-26 20:08:20,535 [Thread: 36340] [apps - ready:68] Using XRPL TEST CLIO NETWORK URL: None
INFO 2025-03-26 20:08:20,535 [Thread: 36340] [apps - ready:69] Using XRPL TEST CLIO WEB SOCKET NETWORK URL: None
INFO 2025-03-26 20:08:20,535 [Thread: 36340] [apps - ready:70] XRP_ACCOUNT_DELETE_FEE_IN_DROPS: 20
INFO 2025-03-26 20:08:20,535 [Thread: 36340] [apps - ready:71] XRP_SEND_ACCOUNT_FEE_IN_DROPS: 20
INFO 2025-03-26 20:08:20,535 [Thread: 36340] [apps - ready:72] BLACK_HOLE_ADDRESS: rrrrrrrrrrrrrrrrrrrrBZbvji
INFO 2025-03-26 20:08:20,535 [Thread: 36340] [apps - ready:73] ESCROW_DEFAULT_FINISH_AFTER_DATE: 5:min
INFO 2025-03-26 20:08:20,535 [Thread: 36340] [apps - ready:74] ESCROW_DEFAULT_CLAIM_AFTER_DATE: 1:day
INFO 2025-03-26 20:08:20,896 [Thread: 46716] [apps - XrplApiConfig:27] ----------------- App started ----------------- 
INFO 2025-03-26 20:08:20,938 [Thread: 46716] [apps - ready:31] Environment: prodnet
INFO 2025-03-26 20:08:20,938 [Thread: 46716] [apps - ready:63] Using XRP URL: https://s.altnet.rippletest.net:51234/
INFO 2025-03-26 20:08:20,938 [Thread: 46716] [apps - ready:64] Using XRP FAUCET URL: 
INFO 2025-03-26 20:08:20,938 [Thread: 46716] [apps - ready:65] Using XRP WEB SOCKET URL: wss://s.altnet.rippletest.net:51233
INFO 2025-03-26 20:08:20,938 [Thread: 46716] [apps - ready:66] Using XRPL TEST LABS NETWORK URL: None
INFO 2025-03-26 20:08:20,938 [Thread: 46716] [apps - ready:67] Using XRPL TEST LABS WEB SOCKET NETWORK URL: None
INFO 2025-03-26 20:08:20,938 [Thread: 46716] [apps - ready:68] Using XRPL TEST CLIO NETWORK URL: None
INFO 2025-03-26 20:08:20,938 [Thread: 46716] [apps - ready:69] Using XRPL TEST CLIO WEB SOCKET NETWORK URL: None
INFO 2025-03-26 20:08:20,938 [Thread: 46716] [apps - ready:70] XRP_ACCOUNT_DELETE_FEE_IN_DROPS: 20
INFO 2025-03-26 20:08:20,938 [Thread: 46716] [apps - ready:71] XRP_SEND_ACCOUNT_FEE_IN_DROPS: 20
INFO 2025-03-26 20:08:20,938 [Thread: 46716] [apps - ready:72] BLACK_HOLE_ADDRESS: rrrrrrrrrrrrrrrrrrrrBZbvji
INFO 2025-03-26 20:08:20,938 [Thread: 46716] [apps - ready:73] ESCROW_DEFAULT_FINISH_AFTER_DATE: 5:min
INFO 2025-03-26 20:08:20,938 [Thread: 46716] [apps - ready:74] ESCROW_DEFAULT_CLAIM_AFTER_DATE: 1:day
INFO 2025-03-26 20:08:45,214 [Thread: 25340] [accounts - create_test_account:61] Entering: create_test_account
INFO 2025-03-26 20:08:53,054 [Thread: 25340] [account_db_operations - save_account_data:19] Saving account to db
INFO 2025-03-26 20:08:53,061 [Thread: 25340] [account_db_operations - save_account_data:80] Account rNh91aA61Z7CEHx8hUUwKmvPgHHL6w8uSy created and saved.
INFO 2025-03-26 20:08:53,061 [Thread: 25340] [accounts - create_test_account:112] Leaving: create_test_account. Total execution time in ms: 7847
